// Jest Snapshot v1, https://goo.gl/fbAQLP

exports[`EthereumSig should create vote envelope 1`] = `
{
  "data": {
    "authenticator": "",
    "choice": 1,
    "metadataUri": "",
    "proposal": "0xcc47146e5e0ac781e8976405a8da4468f2a0c4cdf0c7659353d728fafe46f801",
    "space": "wan-test.eth",
    "strategies": [],
  },
  "signatureData": {
    "address": "0xf1f09AdC06aAB740AA16004D62Dbd89484d3Be90",
    "domain": {
      "name": "snapshot",
      "version": "0.1.4",
    },
    "message": {
      "app": "",
      "choice": 1,
      "from": "0xf1f09AdC06aAB740AA16004D62Dbd89484d3Be90",
      "metadata": "",
      "proposal": "0xcc47146e5e0ac781e8976405a8da4468f2a0c4cdf0c7659353d728fafe46f801",
      "reason": "",
      "space": "wan-test.eth",
      "timestamp": 1708024006,
    },
    "signature": "0x6b7d82de78c37d67587fa7554222e6e9779927b1ea87e6926e1a76dbf94a87c83e55d70333ff860fc7c393e634e39b20eccf1d21c2a7a111f8bafcced1bfdde01c",
    "types": {
      "Vote": [
        {
          "name": "from",
          "type": "address",
        },
        {
          "name": "space",
          "type": "string",
        },
        {
          "name": "timestamp",
          "type": "uint64",
        },
        {
          "name": "proposal",
          "type": "string",
        },
        {
          "name": "choice",
          "type": "uint32",
        },
        {
          "name": "reason",
          "type": "string",
        },
        {
          "name": "app",
          "type": "string",
        },
        {
          "name": "metadata",
          "type": "string",
        },
      ],
    },
  },
}
`;
